( Card="Visa1" AND Card="Visa2" OR Card="Visa3" )
