( Card="Visa" OR Card="MasterCard" ) AND Amount > 100
