( Card="Visa1" OR Card="Visa2" AND Card="Visa3" )
